Instance name,  X location,  Y location,  Voltage 
input6, 65.895, 78.88, 1.79981
_151_, 65.895, 73.44, 1.7998
hold13, 65.895, 73.44, 1.7998
hold14, 65.895, 73.44, 1.7998
_149_, 65.895, 68, 1.79979
_154_, 65.895, 68, 1.79979
_278_, 65.895, 62.56, 1.7998
_313_, 65.895, 62.56, 1.7998
_177_, 65.895, 57.12, 1.79982
_181_, 65.895, 57.12, 1.79982
FILLER_0_16_130, 65.895, 57.12, 1.79982
FILLER_0_17_140, 65.895, 57.12, 1.79982
FILLER_0_18_132, 65.895, 57.12, 1.79982
_180_, 65.895, 51.68, 1.79978
_257_, 65.895, 51.68, 1.79978
_265_, 65.895, 51.68, 1.79978
hold7, 65.895, 51.68, 1.79978
FILLER_0_15_140, 65.895, 51.68, 1.79978
_302_, 65.895, 46.24, 1.7998
_174_, 65.895, 40.8, 1.79982
FILLER_0_11_140, 65.895, 40.8, 1.79982
FILLER_0_12_134, 65.895, 40.8, 1.79982
_267_, 65.895, 35.36, 1.79981
FILLER_0_10_132, 65.895, 35.36, 1.79981
FILLER_0_6_130, 65.895, 29.92, 1.79981
FILLER_0_7_140, 65.895, 29.92, 1.79981
FILLER_0_8_134, 65.895, 29.92, 1.79981
FILLER_0_4_130, 65.895, 24.48, 1.7998
FILLER_0_5_137, 65.895, 24.48, 1.7998
FILLER_0_3_137, 65.895, 19.04, 1.7998
FILLER_0_0_137, 65.895, 13.6, 1.79981
FILLER_0_1_137, 65.895, 13.6, 1.79981
FILLER_0_2_133, 65.895, 13.6, 1.79981
input4, 48.645, 78.88, 1.79983
FILLER_0_24_85, 48.645, 78.88, 1.79983
_156_, 48.645, 73.44, 1.79981
_157_, 48.645, 73.44, 1.79981
_309_, 48.645, 73.44, 1.79981
hold17, 48.645, 73.44, 1.79981
_254_, 48.645, 68, 1.79981
_274_, 48.645, 68, 1.79981
_310_, 48.645, 68, 1.79981
hold15, 48.645, 62.56, 1.79983
FILLER_0_16_85, 48.645, 57.12, 1.79985
_171_, 48.645, 51.68, 1.79979
_255_, 48.645, 51.68, 1.79979
_300_, 48.645, 51.68, 1.79979
clkbuf_2_3__f_clk, 48.645, 51.68, 1.79979
FILLER_0_14_85, 48.645, 51.68, 1.79979
_183_, 48.645, 46.24, 1.79986
_251_, 48.645, 46.24, 1.79986
_258_, 48.645, 46.24, 1.79986
_262_, 48.645, 46.24, 1.79986
FILLER_0_13_96, 48.645, 46.24, 1.79986
_186_, 48.645, 40.8, 1.79984
_187_, 48.645, 40.8, 1.79984
_192_, 48.645, 40.8, 1.79984
hold2, 48.645, 40.8, 1.79984
hold23, 48.645, 40.8, 1.79984
FILLER_0_12_94, 48.645, 40.8, 1.79984
_189_, 48.645, 35.36, 1.79984
_253_, 48.645, 35.36, 1.79984
_263_, 48.645, 35.36, 1.79984
FILLER_0_8_88, 48.645, 35.36, 1.79984
_268_, 48.645, 29.92, 1.79983
_297_, 48.645, 29.92, 1.79983
FILLER_0_6_85, 48.645, 29.92, 1.79983
FILLER_0_6_91, 48.645, 29.92, 1.79983
FILLER_0_8_96, 48.645, 29.92, 1.79983
_197_, 48.645, 24.48, 1.79979
_279_, 48.645, 24.48, 1.79979
_305_, 48.645, 24.48, 1.79979
_198_, 48.645, 19.04, 1.79979
_199_, 48.645, 19.04, 1.79979
_315_, 48.645, 19.04, 1.79979
_196_, 48.645, 13.6, 1.79982
FILLER_0_1_103, 48.645, 13.6, 1.79982
FILLER_0_24_49, 31.395, 78.88, 1.79975
_162_, 31.395, 73.44, 1.79972
_163_, 31.395, 73.44, 1.79972
_164_, 31.395, 73.44, 1.79972
input2, 31.395, 73.44, 1.79972
FILLER_0_23_50, 31.395, 73.44, 1.79972
FILLER_0_23_64, 31.395, 73.44, 1.79972
FILLER_0_24_57, 31.395, 73.44, 1.79972
_161_, 31.395, 68, 1.79972
_306_, 31.395, 68, 1.79972
_307_, 31.395, 68, 1.79972
FILLER_0_21_53, 31.395, 68, 1.79972
FILLER_0_19_57, 31.395, 62.56, 1.79973
_193_, 31.395, 57.12, 1.79974
_270_, 31.395, 57.12, 1.79974
_281_, 31.395, 57.12, 1.79974
hold5, 31.395, 57.12, 1.79974
FILLER_0_17_51, 31.395, 57.12, 1.79974
FILLER_0_17_61, 31.395, 57.12, 1.79974
_291_, 31.395, 51.68, 1.7997
FILLER_0_15_60, 31.395, 51.68, 1.7997
FILLER_0_16_61, 31.395, 51.68, 1.7997
_229_, 31.395, 46.24, 1.79974
_237_, 31.395, 46.24, 1.79974
_184_, 31.395, 40.8, 1.79971
_298_, 31.395, 40.8, 1.79971
FILLER_0_11_48, 31.395, 40.8, 1.79971
_170_, 31.395, 35.36, 1.79971
_209_, 31.395, 35.36, 1.79971
_318_, 31.395, 35.36, 1.79971
hold21, 31.395, 35.36, 1.79971
FILLER_0_9_53, 31.395, 35.36, 1.79971
FILLER_0_10_64, 31.395, 35.36, 1.79971
_284_, 31.395, 29.92, 1.79972
_194_, 31.395, 24.48, 1.79968
_203_, 31.395, 24.48, 1.79968
FILLER_0_5_47, 31.395, 24.48, 1.79968
_166_, 31.395, 19.04, 1.79967
_204_, 31.395, 19.04, 1.79967
_207_, 31.395, 19.04, 1.79967
_314_, 31.395, 19.04, 1.79967
_316_, 31.395, 19.04, 1.79967
_200_, 31.395, 13.6, 1.79972
_202_, 31.395, 13.6, 1.79972
_206_, 31.395, 13.6, 1.79972
FILLER_0_0_48, 31.395, 13.6, 1.79972
input9, 14.145, 78.88, 1.7997
_247_, 14.145, 73.44, 1.79967
hold3, 14.145, 73.44, 1.79967
FILLER_0_24_20, 14.145, 73.44, 1.79967
_242_, 14.145, 68, 1.79967
_246_, 14.145, 68, 1.79967
_292_, 14.145, 68, 1.79967
_294_, 14.145, 68, 1.79967
FILLER_0_21_23, 14.145, 68, 1.79967
_239_, 14.145, 62.56, 1.79968
FILLER_0_19_25, 14.145, 62.56, 1.79968
_245_, 14.145, 57.12, 1.79968
_293_, 14.145, 57.12, 1.79968
FILLER_0_17_15, 14.145, 57.12, 1.79968
_289_, 14.145, 51.68, 1.79961
clkbuf_2_1__f_clk, 14.145, 51.68, 1.79961
_225_, 14.145, 46.24, 1.79966
_228_, 14.145, 46.24, 1.79966
_230_, 14.145, 46.24, 1.79966
hold8, 14.145, 46.24, 1.79966
FILLER_0_13_11, 14.145, 46.24, 1.79966
_224_, 14.145, 40.8, 1.79966
_226_, 14.145, 40.8, 1.79966
FILLER_0_10_11, 14.145, 40.8, 1.79966
FILLER_0_11_25, 14.145, 40.8, 1.79966
FILLER_0_12_24, 14.145, 40.8, 1.79966
_221_, 14.145, 35.36, 1.79967
_288_, 14.145, 35.36, 1.79967
FILLER_0_9_15, 14.145, 35.36, 1.79967
FILLER_0_9_22, 14.145, 35.36, 1.79967
FILLER_0_10_23, 14.145, 35.36, 1.79967
_222_, 14.145, 29.92, 1.79967
_223_, 14.145, 29.92, 1.79967
_287_, 14.145, 29.92, 1.79967
FILLER_0_6_15, 14.145, 29.92, 1.79967
FILLER_0_7_25, 14.145, 29.92, 1.79967
clkbuf_2_0__f_clk, 14.145, 24.48, 1.79961
hold10, 14.145, 24.48, 1.79961
_286_, 14.145, 19.04, 1.79962
_319_, 14.145, 19.04, 1.79962
FILLER_0_3_15, 14.145, 19.04, 1.79962
PHY_48, 5.52, 78.88, 1.7997
PHY_49, 74.52, 78.88, 1.79981
input7, 74.52, 78.88, 1.79981
input8, 74.52, 78.88, 1.79981
input10, 22.77, 78.88, 1.79972
FILLER_0_24_35, 22.77, 78.88, 1.79972
input5, 57.27, 78.88, 1.79982
FILLER_0_24_109, 57.27, 78.88, 1.79982
PHY_44, 5.52, 73.44, 1.79967
PHY_46, 5.52, 73.44, 1.79967
_277_, 74.52, 73.44, 1.7998
PHY_45, 74.52, 73.44, 1.7998
PHY_47, 74.52, 73.44, 1.7998
FILLER_0_22_144, 74.52, 73.44, 1.7998
_250_, 22.77, 73.44, 1.79968
_295_, 22.77, 73.44, 1.79968
_329_, 22.77, 73.44, 1.79968
input1, 22.77, 73.44, 1.79968
hold1, 22.77, 73.44, 1.79968
FILLER_0_23_31, 22.77, 73.44, 1.79968
FILLER_0_24_43, 22.77, 73.44, 1.79968
_271_, 40.02, 73.44, 1.79977
_272_, 40.02, 73.44, 1.79977
input3, 40.02, 73.44, 1.79977
hold18, 40.02, 73.44, 1.79977
FILLER_0_23_75, 40.02, 73.44, 1.79977
FILLER_0_24_79, 40.02, 73.44, 1.79977
_152_, 57.27, 73.44, 1.79981
_153_, 57.27, 73.44, 1.79981
_155_, 57.27, 73.44, 1.79981
hold12, 57.27, 73.44, 1.79981
FILLER_0_23_105, 57.27, 73.44, 1.79981
FILLER_0_23_113, 57.27, 73.44, 1.79981
FILLER_0_24_113, 57.27, 73.44, 1.79981
_328_, 5.52, 68, 1.79965
PHY_40, 5.52, 68, 1.79965
PHY_42, 5.52, 68, 1.79965
_150_, 74.52, 68, 1.79979
PHY_41, 74.52, 68, 1.79979
PHY_43, 74.52, 68, 1.79979
FILLER_0_20_144, 74.52, 68, 1.79979
_249_, 22.77, 68, 1.79969
hold20, 22.77, 68, 1.79969
FILLER_0_20_29, 22.77, 68, 1.79969
FILLER_0_21_31, 22.77, 68, 1.79969
_158_, 40.02, 68, 1.79976
_159_, 40.02, 68, 1.79976
hold22, 40.02, 68, 1.79976
_275_, 57.27, 68, 1.79979
_276_, 57.27, 68, 1.79979
_311_, 57.27, 68, 1.79979
_312_, 57.27, 68, 1.79979
hold16, 57.27, 68, 1.79979
_326_, 5.52, 62.56, 1.79966
PHY_36, 5.52, 62.56, 1.79966
PHY_38, 5.52, 62.56, 1.79966
PHY_37, 74.52, 62.56, 1.7998
PHY_39, 74.52, 62.56, 1.7998
FILLER_0_18_141, 74.52, 62.56, 1.7998
FILLER_0_19_142, 74.52, 62.56, 1.7998
_167_, 22.77, 62.56, 1.7997
_240_, 22.77, 62.56, 1.7997
_241_, 22.77, 62.56, 1.7997
_243_, 22.77, 62.56, 1.7997
_244_, 22.77, 62.56, 1.7997
_248_, 22.77, 62.56, 1.7997
FILLER_0_19_46, 22.77, 62.56, 1.7997
FILLER_0_20_46, 22.77, 62.56, 1.7997
_160_, 40.02, 62.56, 1.79978
_308_, 40.02, 62.56, 1.79978
_256_, 57.27, 62.56, 1.79981
FILLER_0_19_106, 57.27, 62.56, 1.79981
FILLER_0_19_113, 57.27, 62.56, 1.79981
_327_, 5.52, 57.12, 1.79966
PHY_32, 5.52, 57.12, 1.79966
PHY_34, 5.52, 57.12, 1.79966
FILLER_0_18_3, 5.52, 57.12, 1.79966
PHY_33, 74.52, 57.12, 1.79982
PHY_35, 74.52, 57.12, 1.79982
FILLER_0_16_141, 74.52, 57.12, 1.79982
_233_, 22.77, 57.12, 1.7997
FILLER_0_16_29, 22.77, 57.12, 1.7997
_191_, 40.02, 57.12, 1.79979
_259_, 40.02, 57.12, 1.79979
_273_, 40.02, 57.12, 1.79979
FILLER_0_18_79, 40.02, 57.12, 1.79979
_264_, 57.27, 57.12, 1.79983
FILLER_0_17_106, 57.27, 57.12, 1.79983
FILLER_0_18_121, 57.27, 57.12, 1.79983
PHY_28, 5.52, 51.68, 1.79961
PHY_30, 5.52, 51.68, 1.79961
FILLER_0_15_3, 5.52, 51.68, 1.79961
_266_, 74.52, 51.68, 1.79978
PHY_29, 74.52, 51.68, 1.79978
PHY_31, 74.52, 51.68, 1.79978
FILLER_0_14_144, 74.52, 51.68, 1.79978
_232_, 22.77, 51.68, 1.79964
_290_, 22.77, 51.68, 1.79964
_324_, 22.77, 51.68, 1.79964
_325_, 22.77, 51.68, 1.79964
FILLER_0_16_40, 22.77, 51.68, 1.79964
_148_, 40.02, 51.68, 1.79974
_190_, 40.02, 51.68, 1.79974
_260_, 40.02, 51.68, 1.79974
_296_, 40.02, 51.68, 1.79974
FILLER_0_14_68, 40.02, 51.68, 1.79974
_175_, 57.27, 51.68, 1.79978
_179_, 57.27, 51.68, 1.79978
_182_, 57.27, 51.68, 1.79978
hold11, 57.27, 51.68, 1.79978
_323_, 5.52, 46.24, 1.79965
PHY_24, 5.52, 46.24, 1.79965
PHY_26, 5.52, 46.24, 1.79965
FILLER_0_13_3, 5.52, 46.24, 1.79965
PHY_25, 74.52, 46.24, 1.7998
PHY_27, 74.52, 46.24, 1.7998
FILLER_0_12_141, 74.52, 46.24, 1.7998
_227_, 22.77, 46.24, 1.79969
_231_, 22.77, 46.24, 1.79969
_235_, 22.77, 46.24, 1.79969
_238_, 22.77, 46.24, 1.79969
hold19, 22.77, 46.24, 1.79969
hold6, 40.02, 46.24, 1.7998
FILLER_0_13_72, 40.02, 46.24, 1.7998
FILLER_0_13_80, 40.02, 46.24, 1.7998
_165_, 57.27, 46.24, 1.79982
_172_, 57.27, 46.24, 1.79982
_176_, 57.27, 46.24, 1.79982
_178_, 57.27, 46.24, 1.79982
_301_, 57.27, 46.24, 1.79982
FILLER_0_13_104, 57.27, 46.24, 1.79982
_322_, 5.52, 40.8, 1.79965
PHY_20, 5.52, 40.8, 1.79965
PHY_22, 5.52, 40.8, 1.79965
FILLER_0_12_3, 5.52, 40.8, 1.79965
PHY_21, 74.52, 40.8, 1.79982
PHY_23, 74.52, 40.8, 1.79982
FILLER_0_10_141, 74.52, 40.8, 1.79982
_168_, 22.77, 40.8, 1.79968
_234_, 22.77, 40.8, 1.79968
_236_, 22.77, 40.8, 1.79968
FILLER_0_10_29, 22.77, 40.8, 1.79968
_185_, 40.02, 40.8, 1.79974
clkbuf_0_clk, 40.02, 40.8, 1.79974
FILLER_0_11_69, 40.02, 40.8, 1.79974
_188_, 57.27, 40.8, 1.79982
max_cap13, 57.27, 40.8, 1.79982
PHY_16, 5.52, 35.36, 1.79967
PHY_18, 5.52, 35.36, 1.79967
FILLER_0_10_3, 5.52, 35.36, 1.79967
PHY_17, 74.52, 35.36, 1.79981
PHY_19, 74.52, 35.36, 1.79981
FILLER_0_8_141, 74.52, 35.36, 1.79981
FILLER_0_9_141, 74.52, 35.36, 1.79981
_211_, 22.77, 35.36, 1.79969
_218_, 22.77, 35.36, 1.79969
_220_, 22.77, 35.36, 1.79969
FILLER_0_8_36, 22.77, 35.36, 1.79969
FILLER_0_9_35, 22.77, 35.36, 1.79969
FILLER_0_9_45, 22.77, 35.36, 1.79969
FILLER_0_10_42, 22.77, 35.36, 1.79969
_252_, 40.02, 35.36, 1.79977
_299_, 40.02, 35.36, 1.79977
_173_, 57.27, 35.36, 1.79981
_261_, 57.27, 35.36, 1.79981
_303_, 57.27, 35.36, 1.79981
hold4, 57.27, 35.36, 1.79981
FILLER_0_10_113, 57.27, 35.36, 1.79981
_321_, 5.52, 29.92, 1.79966
PHY_12, 5.52, 29.92, 1.79966
PHY_14, 5.52, 29.92, 1.79966
FILLER_0_7_3, 5.52, 29.92, 1.79966
FILLER_0_8_3, 5.52, 29.92, 1.79966
PHY_13, 74.52, 29.92, 1.79981
PHY_15, 74.52, 29.92, 1.79981
FILLER_0_6_141, 74.52, 29.92, 1.79981
_169_, 22.77, 29.92, 1.79969
_208_, 22.77, 29.92, 1.79969
_210_, 22.77, 29.92, 1.79969
_212_, 22.77, 29.92, 1.79969
_216_, 22.77, 29.92, 1.79969
_219_, 22.77, 29.92, 1.79969
_304_, 40.02, 29.92, 1.79977
FILLER_0_7_74, 40.02, 29.92, 1.79977
_269_, 57.27, 29.92, 1.79982
PHY_8, 5.52, 24.48, 1.79961
PHY_10, 5.52, 24.48, 1.79961
PHY_9, 74.52, 24.48, 1.7998
PHY_11, 74.52, 24.48, 1.7998
FILLER_0_4_141, 74.52, 24.48, 1.7998
_213_, 22.77, 24.48, 1.79964
_214_, 22.77, 24.48, 1.79964
_215_, 22.77, 24.48, 1.79964
hold9, 22.77, 24.48, 1.79964
_195_, 40.02, 24.48, 1.79971
clkbuf_2_2__f_clk, 40.02, 24.48, 1.79971
FILLER_0_5_68, 40.02, 24.48, 1.79971
FILLER_0_6_76, 40.02, 24.48, 1.79971
FILLER_0_5_105, 57.27, 24.48, 1.7998
_320_, 5.52, 19.04, 1.79961
PHY_4, 5.52, 19.04, 1.79961
PHY_6, 5.52, 19.04, 1.79961
FILLER_0_4_3, 5.52, 19.04, 1.79961
PHY_5, 74.52, 19.04, 1.7998
PHY_7, 74.52, 19.04, 1.7998
FILLER_0_2_141, 74.52, 19.04, 1.7998
_205_, 22.77, 19.04, 1.79964
_217_, 22.77, 19.04, 1.79964
_285_, 22.77, 19.04, 1.79964
_317_, 22.77, 19.04, 1.79964
FILLER_0_2_29, 22.77, 19.04, 1.79964
_201_, 40.02, 19.04, 1.79973
_282_, 40.02, 19.04, 1.79973
FILLER_0_4_76, 40.02, 19.04, 1.79973
_280_, 57.27, 19.04, 1.7998
PHY_0, 5.52, 13.6, 1.79967
PHY_2, 5.52, 13.6, 1.79967
PHY_1, 74.52, 13.6, 1.79981
PHY_3, 74.52, 13.6, 1.79981
FILLER_0_0_141, 74.52, 13.6, 1.79981
_283_, 22.77, 13.6, 1.79969
output12, 22.77, 13.6, 1.79969
FILLER_0_2_38, 22.77, 13.6, 1.79969
FILLER_0_0_81, 40.02, 13.6, 1.79977
FILLER_0_2_77, 40.02, 13.6, 1.79977
output11, 57.27, 13.6, 1.79982
FILLER_0_0_109, 57.27, 13.6, 1.79982
FILLER_0_0_113, 57.27, 13.6, 1.79982

