
===========================================================================
 report_power
============================================================================
======================= Fastest Corner ===================================

Group                  Internal  Switching    Leakage      Total
                          Power      Power      Power      Power (Watts)
----------------------------------------------------------------
Sequential             1.98e-04   4.27e-05   1.64e-07   2.41e-04  41.9%
Combinational          2.11e-04   1.23e-04   2.15e-09   3.35e-04  58.1%
Macro                  0.00e+00   0.00e+00   0.00e+00   0.00e+00   0.0%
Pad                    0.00e+00   0.00e+00   0.00e+00   0.00e+00   0.0%
----------------------------------------------------------------
Total                  4.09e-04   1.66e-04   1.66e-07   5.76e-04 100.0%
                          71.1%      28.8%       0.0%

======================= Slowest Corner ===================================

Group                  Internal  Switching    Leakage      Total
                          Power      Power      Power      Power (Watts)
----------------------------------------------------------------
Sequential             1.33e-04   2.76e-05   6.53e-07   1.61e-04  41.1%
Combinational          1.50e-04   7.96e-05   9.87e-07   2.31e-04  58.9%
Macro                  0.00e+00   0.00e+00   0.00e+00   0.00e+00   0.0%
Pad                    0.00e+00   0.00e+00   0.00e+00   0.00e+00   0.0%
----------------------------------------------------------------
Total                  2.84e-04   1.07e-04   1.64e-06   3.92e-04 100.0%
                          72.3%      27.3%       0.4%

======================= Typical Corner ===================================

Group                  Internal  Switching    Leakage      Total
                          Power      Power      Power      Power (Watts)
----------------------------------------------------------------
Sequential             1.71e-04   3.56e-05   1.64e-07   2.07e-04  41.8%
Combinational          1.86e-04   1.03e-04   1.25e-09   2.89e-04  58.2%
Macro                  0.00e+00   0.00e+00   0.00e+00   0.00e+00   0.0%
Pad                    0.00e+00   0.00e+00   0.00e+00   0.00e+00   0.0%
----------------------------------------------------------------
Total                  3.57e-04   1.39e-04   1.65e-07   4.96e-04 100.0%
                          72.0%      28.0%       0.0%

