
===========================================================================
 report_power
============================================================================
======================= Fastest Corner ===================================

Group                  Internal  Switching    Leakage      Total
                          Power      Power      Power      Power (Watts)
----------------------------------------------------------------
Sequential             1.98e-04   4.40e-05   1.64e-07   2.42e-04  41.7%
Combinational          2.11e-04   1.27e-04   2.15e-09   3.39e-04  58.3%
Macro                  0.00e+00   0.00e+00   0.00e+00   0.00e+00   0.0%
Pad                    0.00e+00   0.00e+00   0.00e+00   0.00e+00   0.0%
----------------------------------------------------------------
Total                  4.09e-04   1.71e-04   1.66e-07   5.81e-04 100.0%
                          70.5%      29.5%       0.0%

======================= Slowest Corner ===================================

Group                  Internal  Switching    Leakage      Total
                          Power      Power      Power      Power (Watts)
----------------------------------------------------------------
Sequential             1.33e-04   2.85e-05   6.53e-07   1.62e-04  41.0%
Combinational          1.51e-04   8.22e-05   9.87e-07   2.34e-04  59.0%
Macro                  0.00e+00   0.00e+00   0.00e+00   0.00e+00   0.0%
Pad                    0.00e+00   0.00e+00   0.00e+00   0.00e+00   0.0%
----------------------------------------------------------------
Total                  2.83e-04   1.11e-04   1.64e-06   3.96e-04 100.0%
                          71.6%      28.0%       0.4%

======================= Typical Corner ===================================

Group                  Internal  Switching    Leakage      Total
                          Power      Power      Power      Power (Watts)
----------------------------------------------------------------
Sequential             1.71e-04   3.67e-05   1.64e-07   2.08e-04  41.6%
Combinational          1.86e-04   1.06e-04   1.25e-09   2.92e-04  58.4%
Macro                  0.00e+00   0.00e+00   0.00e+00   0.00e+00   0.0%
Pad                    0.00e+00   0.00e+00   0.00e+00   0.00e+00   0.0%
----------------------------------------------------------------
Total                  3.57e-04   1.43e-04   1.65e-07   5.00e-04 100.0%
                          71.4%      28.6%       0.0%

