
===========================================================================
 report_power
============================================================================
======================= Fastest Corner ===================================

Group                  Internal  Switching    Leakage      Total
                          Power      Power      Power      Power (Watts)
----------------------------------------------------------------
Sequential             1.98e-04   4.54e-05   1.64e-07   2.43e-04  41.5%
Combinational          2.12e-04   1.31e-04   2.15e-09   3.43e-04  58.5%
Macro                  0.00e+00   0.00e+00   0.00e+00   0.00e+00   0.0%
Pad                    0.00e+00   0.00e+00   0.00e+00   0.00e+00   0.0%
----------------------------------------------------------------
Total                  4.09e-04   1.77e-04   1.66e-07   5.86e-04 100.0%
                          69.8%      30.2%       0.0%

======================= Slowest Corner ===================================

Group                  Internal  Switching    Leakage      Total
                          Power      Power      Power      Power (Watts)
----------------------------------------------------------------
Sequential             1.33e-04   2.94e-05   6.53e-07   1.63e-04  40.8%
Combinational          1.51e-04   8.50e-05   9.87e-07   2.37e-04  59.2%
Macro                  0.00e+00   0.00e+00   0.00e+00   0.00e+00   0.0%
Pad                    0.00e+00   0.00e+00   0.00e+00   0.00e+00   0.0%
----------------------------------------------------------------
Total                  2.83e-04   1.14e-04   1.64e-06   4.00e-04 100.0%
                          70.9%      28.7%       0.4%

======================= Typical Corner ===================================

Group                  Internal  Switching    Leakage      Total
                          Power      Power      Power      Power (Watts)
----------------------------------------------------------------
Sequential             1.71e-04   3.79e-05   1.64e-07   2.09e-04  41.4%
Combinational          1.86e-04   1.10e-04   1.25e-09   2.96e-04  58.6%
Macro                  0.00e+00   0.00e+00   0.00e+00   0.00e+00   0.0%
Pad                    0.00e+00   0.00e+00   0.00e+00   0.00e+00   0.0%
----------------------------------------------------------------
Total                  3.57e-04   1.48e-04   1.65e-07   5.05e-04 100.0%
                          70.7%      29.3%       0.0%

