Instance name,  X location,  Y location,  Voltage 
PHY_47, 74.52, 76.16, 0.000219761
PHY_49, 74.52, 76.16, 0.000219761
input7, 74.52, 76.16, 0.000219761
input8, 74.52, 76.16, 0.000219761
_277_, 74.52, 70.72, 0.000227222
PHY_43, 74.52, 70.72, 0.000227222
PHY_45, 74.52, 70.72, 0.000227222
FILLER_0_22_144, 74.52, 70.72, 0.000227222
_150_, 74.52, 65.28, 0.000231949
PHY_39, 74.52, 65.28, 0.000231949
PHY_41, 74.52, 65.28, 0.000231949
FILLER_0_19_142, 74.52, 65.28, 0.000231949
FILLER_0_20_144, 74.52, 65.28, 0.000231949
PHY_35, 74.52, 59.84, 0.00021552
PHY_37, 74.52, 59.84, 0.00021552
FILLER_0_18_141, 74.52, 59.84, 0.00021552
PHY_31, 74.52, 54.4, 0.000241101
PHY_33, 74.52, 54.4, 0.000241101
FILLER_0_16_141, 74.52, 54.4, 0.000241101
_266_, 74.52, 48.96, 0.000231723
PHY_27, 74.52, 48.96, 0.000231723
PHY_29, 74.52, 48.96, 0.000231723
FILLER_0_14_144, 74.52, 48.96, 0.000231723
PHY_23, 74.52, 43.52, 0.000214822
PHY_25, 74.52, 43.52, 0.000214822
FILLER_0_12_141, 74.52, 43.52, 0.000214822
PHY_19, 74.52, 38.08, 0.000210924
PHY_21, 74.52, 38.08, 0.000210924
FILLER_0_9_141, 74.52, 38.08, 0.000210924
FILLER_0_10_141, 74.52, 38.08, 0.000210924
PHY_15, 74.52, 32.64, 0.000215448
PHY_17, 74.52, 32.64, 0.000215448
FILLER_0_8_141, 74.52, 32.64, 0.000215448
PHY_11, 74.52, 27.2, 0.000217705
PHY_13, 74.52, 27.2, 0.000217705
FILLER_0_6_141, 74.52, 27.2, 0.000217705
PHY_7, 74.52, 21.76, 0.00021574
PHY_9, 74.52, 21.76, 0.00021574
FILLER_0_4_141, 74.52, 21.76, 0.00021574
PHY_3, 74.52, 16.32, 0.000213896
PHY_5, 74.52, 16.32, 0.000213896
FILLER_0_2_141, 74.52, 16.32, 0.000213896
PHY_1, 74.52, 10.88, 0.000210224
FILLER_0_0_141, 74.52, 10.88, 0.000210224
input5, 57.27, 76.16, 0.000208591
hold12, 57.27, 76.16, 0.000208591
FILLER_0_23_105, 57.27, 76.16, 0.000208591
FILLER_0_24_109, 57.27, 76.16, 0.000208591
FILLER_0_24_113, 57.27, 76.16, 0.000208591
_152_, 57.27, 70.72, 0.000229718
_153_, 57.27, 70.72, 0.000229718
_155_, 57.27, 70.72, 0.000229718
_311_, 57.27, 70.72, 0.000229718
FILLER_0_23_113, 57.27, 70.72, 0.000229718
_256_, 57.27, 65.28, 0.000232154
_275_, 57.27, 65.28, 0.000232154
_276_, 57.27, 65.28, 0.000232154
_312_, 57.27, 65.28, 0.000232154
hold16, 57.27, 65.28, 0.000232154
FILLER_0_19_106, 57.27, 65.28, 0.000232154
FILLER_0_17_106, 57.27, 59.84, 0.000201833
FILLER_0_18_121, 57.27, 59.84, 0.000201833
FILLER_0_19_113, 57.27, 59.84, 0.000201833
_264_, 57.27, 54.4, 0.000249731
_165_, 57.27, 48.96, 0.000229222
_175_, 57.27, 48.96, 0.000229222
_179_, 57.27, 48.96, 0.000229222
_182_, 57.27, 48.96, 0.000229222
_301_, 57.27, 48.96, 0.000229222
hold11, 57.27, 48.96, 0.000229222
FILLER_0_13_104, 57.27, 48.96, 0.000229222
_172_, 57.27, 43.52, 0.000204936
_176_, 57.27, 43.52, 0.000204936
_178_, 57.27, 43.52, 0.000204936
_173_, 57.27, 38.08, 0.000195263
_188_, 57.27, 38.08, 0.000195263
max_cap13, 57.27, 38.08, 0.000195263
hold4, 57.27, 38.08, 0.000195263
FILLER_0_10_113, 57.27, 38.08, 0.000195263
_261_, 57.27, 32.64, 0.000210094
_303_, 57.27, 32.64, 0.000210094
_269_, 57.27, 27.2, 0.00021756
FILLER_0_5_105, 57.27, 27.2, 0.00021756
_280_, 57.27, 21.76, 0.000213283
output11, 57.27, 10.88, 0.000199821
FILLER_0_0_109, 57.27, 10.88, 0.000199821
FILLER_0_0_113, 57.27, 10.88, 0.000199821
_271_, 40.02, 76.16, 0.000169968
_272_, 40.02, 76.16, 0.000169968
input3, 40.02, 76.16, 0.000169968
FILLER_0_23_75, 40.02, 76.16, 0.000169968
FILLER_0_24_79, 40.02, 76.16, 0.000169968
_158_, 40.02, 70.72, 0.000193409
hold18, 40.02, 70.72, 0.000193409
_159_, 40.02, 65.28, 0.000190658
_160_, 40.02, 65.28, 0.000190658
_308_, 40.02, 65.28, 0.000190658
hold22, 40.02, 65.28, 0.000190658
_273_, 40.02, 59.84, 0.000158596
FILLER_0_18_79, 40.02, 59.84, 0.000158596
_190_, 40.02, 54.4, 0.000209985
_191_, 40.02, 54.4, 0.000209985
_259_, 40.02, 54.4, 0.000209985
_260_, 40.02, 54.4, 0.000209985
_296_, 40.02, 54.4, 0.000209985
_148_, 40.02, 48.96, 0.00014825
FILLER_0_13_72, 40.02, 48.96, 0.00014825
FILLER_0_14_68, 40.02, 48.96, 0.00014825
clkbuf_0_clk, 40.02, 43.52, 0.000162515
hold6, 40.02, 43.52, 0.000162515
FILLER_0_11_69, 40.02, 43.52, 0.000162515
FILLER_0_13_80, 40.02, 43.52, 0.000162515
_185_, 40.02, 38.08, 0.000134727
_252_, 40.02, 38.08, 0.000134727
_299_, 40.02, 38.08, 0.000134727
FILLER_0_7_74, 40.02, 32.64, 0.000165413
_304_, 40.02, 27.2, 0.000216131
clkbuf_2_2__f_clk, 40.02, 27.2, 0.000216131
FILLER_0_5_68, 40.02, 27.2, 0.000216131
FILLER_0_6_76, 40.02, 27.2, 0.000216131
_195_, 40.02, 21.76, 0.00018932
FILLER_0_4_76, 40.02, 21.76, 0.00018932
_201_, 40.02, 16.32, 0.000193718
_282_, 40.02, 16.32, 0.000193718
FILLER_0_2_77, 40.02, 16.32, 0.000193718
FILLER_0_0_81, 40.02, 10.88, 0.000170788
_250_, 22.77, 76.16, 0.000231014
input1, 22.77, 76.16, 0.000231014
input10, 22.77, 76.16, 0.000231014
FILLER_0_23_31, 22.77, 76.16, 0.000231014
FILLER_0_24_35, 22.77, 76.16, 0.000231014
FILLER_0_24_43, 22.77, 76.16, 0.000231014
_249_, 22.77, 70.72, 0.000271855
_295_, 22.77, 70.72, 0.000271855
_329_, 22.77, 70.72, 0.000271855
hold1, 22.77, 70.72, 0.000271855
FILLER_0_21_31, 22.77, 70.72, 0.000271855
_167_, 22.77, 65.28, 0.000248057
_240_, 22.77, 65.28, 0.000248057
_248_, 22.77, 65.28, 0.000248057
hold20, 22.77, 65.28, 0.000248057
FILLER_0_20_29, 22.77, 65.28, 0.000248057
FILLER_0_20_46, 22.77, 65.28, 0.000248057
_241_, 22.77, 59.84, 0.000245404
_243_, 22.77, 59.84, 0.000245404
_244_, 22.77, 59.84, 0.000245404
FILLER_0_19_46, 22.77, 59.84, 0.000245404
_233_, 22.77, 54.4, 0.000303852
_290_, 22.77, 54.4, 0.000303852
_325_, 22.77, 54.4, 0.000303852
FILLER_0_16_29, 22.77, 54.4, 0.000303852
FILLER_0_16_40, 22.77, 54.4, 0.000303852
_231_, 22.77, 48.96, 0.000251112
_232_, 22.77, 48.96, 0.000251112
_238_, 22.77, 48.96, 0.000251112
_324_, 22.77, 48.96, 0.000251112
_168_, 22.77, 43.52, 0.00024012
_227_, 22.77, 43.52, 0.00024012
_234_, 22.77, 43.52, 0.00024012
_235_, 22.77, 43.52, 0.00024012
hold19, 22.77, 43.52, 0.00024012
_220_, 22.77, 38.08, 0.000224286
_236_, 22.77, 38.08, 0.000224286
FILLER_0_9_35, 22.77, 38.08, 0.000224286
FILLER_0_10_29, 22.77, 38.08, 0.000224286
FILLER_0_10_42, 22.77, 38.08, 0.000224286
_169_, 22.77, 32.64, 0.000256882
_208_, 22.77, 32.64, 0.000256882
_210_, 22.77, 32.64, 0.000256882
_211_, 22.77, 32.64, 0.000256882
_218_, 22.77, 32.64, 0.000256882
_219_, 22.77, 32.64, 0.000256882
FILLER_0_8_36, 22.77, 32.64, 0.000256882
FILLER_0_9_45, 22.77, 32.64, 0.000256882
_212_, 22.77, 27.2, 0.000300203
_214_, 22.77, 27.2, 0.000300203
_216_, 22.77, 27.2, 0.000300203
_213_, 22.77, 21.76, 0.000277467
_215_, 22.77, 21.76, 0.000277467
_217_, 22.77, 21.76, 0.000277467
_317_, 22.77, 21.76, 0.000277467
hold9, 22.77, 21.76, 0.000277467
_205_, 22.77, 16.32, 0.000267463
_283_, 22.77, 16.32, 0.000267463
_285_, 22.77, 16.32, 0.000267463
FILLER_0_2_29, 22.77, 16.32, 0.000267463
FILLER_0_2_38, 22.77, 16.32, 0.000267463
output12, 22.77, 10.88, 0.000236208
PHY_46, 5.52, 76.16, 0.000237208
PHY_48, 5.52, 76.16, 0.000237208
_247_, 14.145, 76.16, 0.000237208
input9, 14.145, 76.16, 0.000237208
FILLER_0_24_20, 14.145, 76.16, 0.000237208
input2, 31.395, 76.16, 0.000200626
FILLER_0_23_50, 31.395, 76.16, 0.000200626
FILLER_0_24_49, 31.395, 76.16, 0.000200626
FILLER_0_24_57, 31.395, 76.16, 0.000200626
_157_, 48.645, 76.16, 0.000189987
input4, 48.645, 76.16, 0.000189987
FILLER_0_24_85, 48.645, 76.16, 0.000189987
_151_, 65.895, 76.16, 0.000215941
input6, 65.895, 76.16, 0.000215941
hold14, 65.895, 76.16, 0.000215941
_328_, 5.52, 70.72, 0.000312725
PHY_42, 5.52, 70.72, 0.000312725
PHY_44, 5.52, 70.72, 0.000312725
_246_, 14.145, 70.72, 0.000296959
_294_, 14.145, 70.72, 0.000296959
hold3, 14.145, 70.72, 0.000296959
_161_, 31.395, 70.72, 0.000234721
_162_, 31.395, 70.72, 0.000234721
_163_, 31.395, 70.72, 0.000234721
_164_, 31.395, 70.72, 0.000234721
FILLER_0_21_53, 31.395, 70.72, 0.000234721
FILLER_0_23_64, 31.395, 70.72, 0.000234721
_156_, 48.645, 70.72, 0.00022404
_274_, 48.645, 70.72, 0.00022404
_309_, 48.645, 70.72, 0.00022404
_310_, 48.645, 70.72, 0.00022404
hold17, 48.645, 70.72, 0.00022404
_154_, 65.895, 70.72, 0.000229945
hold13, 65.895, 70.72, 0.000229945
PHY_38, 5.52, 65.28, 0.000251798
PHY_40, 5.52, 65.28, 0.000251798
_239_, 14.145, 65.28, 0.000251798
_242_, 14.145, 65.28, 0.000251798
_292_, 14.145, 65.28, 0.000251798
FILLER_0_21_23, 14.145, 65.28, 0.000251798
_306_, 31.395, 65.28, 0.000230205
_307_, 31.395, 65.28, 0.000230205
_254_, 48.645, 65.28, 0.000216196
hold15, 48.645, 65.28, 0.000216196
_149_, 65.895, 65.28, 0.000238115
_313_, 65.895, 65.28, 0.000238115
_326_, 5.52, 59.84, 0.000300784
_327_, 5.52, 59.84, 0.000300784
PHY_34, 5.52, 59.84, 0.000300784
PHY_36, 5.52, 59.84, 0.000300784
FILLER_0_18_3, 5.52, 59.84, 0.000300784
FILLER_0_17_15, 14.145, 59.84, 0.000273094
FILLER_0_19_25, 14.145, 59.84, 0.000273094
FILLER_0_17_51, 31.395, 59.84, 0.000202
FILLER_0_19_57, 31.395, 59.84, 0.000202
_278_, 65.895, 59.84, 0.000208794
FILLER_0_18_132, 65.895, 59.84, 0.000208794
PHY_30, 5.52, 54.4, 0.000369823
PHY_32, 5.52, 54.4, 0.000369823
_245_, 14.145, 54.4, 0.000369823
_289_, 14.145, 54.4, 0.000369823
_293_, 14.145, 54.4, 0.000369823
clkbuf_2_1__f_clk, 14.145, 54.4, 0.000369823
_193_, 31.395, 54.4, 0.00026144
_270_, 31.395, 54.4, 0.00026144
_281_, 31.395, 54.4, 0.00026144
hold5, 31.395, 54.4, 0.00026144
FILLER_0_16_61, 31.395, 54.4, 0.00026144
FILLER_0_17_61, 31.395, 54.4, 0.00026144
_255_, 48.645, 54.4, 0.000269196
_300_, 48.645, 54.4, 0.000269196
clkbuf_2_3__f_clk, 48.645, 54.4, 0.000269196
FILLER_0_16_85, 48.645, 54.4, 0.000269196
_177_, 65.895, 54.4, 0.000256433
_180_, 65.895, 54.4, 0.000256433
_181_, 65.895, 54.4, 0.000256433
_257_, 65.895, 54.4, 0.000256433
hold7, 65.895, 54.4, 0.000256433
FILLER_0_16_130, 65.895, 54.4, 0.000256433
FILLER_0_17_140, 65.895, 54.4, 0.000256433
_323_, 5.52, 48.96, 0.000289757
PHY_26, 5.52, 48.96, 0.000289757
PHY_28, 5.52, 48.96, 0.000289757
FILLER_0_15_3, 5.52, 48.96, 0.000289757
_228_, 14.145, 48.96, 0.000273232
_230_, 14.145, 48.96, 0.000273232
FILLER_0_13_11, 14.145, 48.96, 0.000273232
_237_, 31.395, 48.96, 0.000199902
_291_, 31.395, 48.96, 0.000199902
FILLER_0_15_60, 31.395, 48.96, 0.000199902
_171_, 48.645, 48.96, 0.000191522
_183_, 48.645, 48.96, 0.000191522
_258_, 48.645, 48.96, 0.000191522
_262_, 48.645, 48.96, 0.000191522
FILLER_0_14_85, 48.645, 48.96, 0.000191522
_265_, 65.895, 48.96, 0.000239682
_302_, 65.895, 48.96, 0.000239682
FILLER_0_15_140, 65.895, 48.96, 0.000239682
PHY_22, 5.52, 43.52, 0.00024858
PHY_24, 5.52, 43.52, 0.00024858
FILLER_0_12_3, 5.52, 43.52, 0.00024858
FILLER_0_13_3, 5.52, 43.52, 0.00024858
_225_, 14.145, 43.52, 0.00024858
_226_, 14.145, 43.52, 0.00024858
hold8, 14.145, 43.52, 0.00024858
FILLER_0_12_24, 14.145, 43.52, 0.00024858
_229_, 31.395, 43.52, 0.000208473
_298_, 31.395, 43.52, 0.000208473
FILLER_0_11_48, 31.395, 43.52, 0.000208473
_186_, 48.645, 43.52, 0.000184283
_251_, 48.645, 43.52, 0.000184283
hold2, 48.645, 43.52, 0.000184283
FILLER_0_12_94, 48.645, 43.52, 0.000184283
FILLER_0_13_96, 48.645, 43.52, 0.000184283
FILLER_0_12_134, 65.895, 43.52, 0.000209879
_322_, 5.52, 38.08, 0.000251162
PHY_18, 5.52, 38.08, 0.000251162
PHY_20, 5.52, 38.08, 0.000251162
FILLER_0_10_3, 5.52, 38.08, 0.000251162
_224_, 14.145, 38.08, 0.000238162
_288_, 14.145, 38.08, 0.000238162
FILLER_0_9_15, 14.145, 38.08, 0.000238162
FILLER_0_10_11, 14.145, 38.08, 0.000238162
FILLER_0_10_23, 14.145, 38.08, 0.000238162
FILLER_0_11_25, 14.145, 38.08, 0.000238162
_170_, 31.395, 38.08, 0.000179842
_184_, 31.395, 38.08, 0.000179842
FILLER_0_9_53, 31.395, 38.08, 0.000179842
FILLER_0_10_64, 31.395, 38.08, 0.000179842
_187_, 48.645, 38.08, 0.000165467
_189_, 48.645, 38.08, 0.000165467
_192_, 48.645, 38.08, 0.000165467
hold23, 48.645, 38.08, 0.000165467
_174_, 65.895, 38.08, 0.00020376
FILLER_0_10_132, 65.895, 38.08, 0.00020376
FILLER_0_11_140, 65.895, 38.08, 0.00020376
_321_, 5.52, 32.64, 0.000278249
PHY_14, 5.52, 32.64, 0.000278249
PHY_16, 5.52, 32.64, 0.000278249
FILLER_0_8_3, 5.52, 32.64, 0.000278249
_221_, 14.145, 32.64, 0.00026812
_222_, 14.145, 32.64, 0.00026812
_223_, 14.145, 32.64, 0.00026812
FILLER_0_9_22, 14.145, 32.64, 0.00026812
_209_, 31.395, 32.64, 0.000226295
_318_, 31.395, 32.64, 0.000226295
hold21, 31.395, 32.64, 0.000226295
_253_, 48.645, 32.64, 0.0001926
_263_, 48.645, 32.64, 0.0001926
_297_, 48.645, 32.64, 0.0001926
FILLER_0_8_88, 48.645, 32.64, 0.0001926
FILLER_0_8_96, 48.645, 32.64, 0.0001926
_267_, 65.895, 32.64, 0.000212885
FILLER_0_8_134, 65.895, 32.64, 0.000212885
PHY_10, 5.52, 27.2, 0.000368692
PHY_12, 5.52, 27.2, 0.000368692
FILLER_0_7_3, 5.52, 27.2, 0.000368692
_287_, 14.145, 27.2, 0.000368692
clkbuf_2_0__f_clk, 14.145, 27.2, 0.000368692
hold10, 14.145, 27.2, 0.000368692
FILLER_0_6_15, 14.145, 27.2, 0.000368692
FILLER_0_7_25, 14.145, 27.2, 0.000368692
_284_, 31.395, 27.2, 0.000258279
FILLER_0_5_47, 31.395, 27.2, 0.000258279
_268_, 48.645, 27.2, 0.000221544
_305_, 48.645, 27.2, 0.000221544
FILLER_0_6_85, 48.645, 27.2, 0.000221544
FILLER_0_6_91, 48.645, 27.2, 0.000221544
FILLER_0_6_130, 65.895, 27.2, 0.000217633
FILLER_0_7_140, 65.895, 27.2, 0.000217633
_320_, 5.52, 21.76, 0.000311975
PHY_6, 5.52, 21.76, 0.000311975
PHY_8, 5.52, 21.76, 0.000311975
FILLER_0_4_3, 5.52, 21.76, 0.000311975
FILLER_0_3_15, 14.145, 21.76, 0.000294721
_166_, 31.395, 21.76, 0.000241596
_194_, 31.395, 21.76, 0.000241596
_203_, 31.395, 21.76, 0.000241596
_207_, 31.395, 21.76, 0.000241596
_197_, 48.645, 21.76, 0.000213015
_279_, 48.645, 21.76, 0.000213015
_315_, 48.645, 21.76, 0.000213015
FILLER_0_4_130, 65.895, 21.76, 0.000214512
FILLER_0_5_137, 65.895, 21.76, 0.000214512
PHY_2, 5.52, 16.32, 0.00028378
PHY_4, 5.52, 16.32, 0.00028378
_286_, 14.145, 16.32, 0.00028378
_319_, 14.145, 16.32, 0.00028378
_204_, 31.395, 16.32, 0.000251635
_206_, 31.395, 16.32, 0.000251635
_314_, 31.395, 16.32, 0.000251635
_316_, 31.395, 16.32, 0.000251635
_196_, 48.645, 16.32, 0.000205158
_198_, 48.645, 16.32, 0.000205158
_199_, 48.645, 16.32, 0.000205158
FILLER_0_2_133, 65.895, 16.32, 0.000211542
FILLER_0_3_137, 65.895, 16.32, 0.000211542
PHY_0, 5.52, 10.88, 0.000236208
_200_, 31.395, 10.88, 0.000206731
_202_, 31.395, 10.88, 0.000206731
FILLER_0_0_48, 31.395, 10.88, 0.000206731
FILLER_0_1_103, 48.645, 10.88, 0.000185304
FILLER_0_0_137, 65.895, 10.88, 0.000205022
FILLER_0_1_137, 65.895, 10.88, 0.000205022

