
61. Printing statistics.

=== uart_tx ===

   Number of wires:                186
   Number of wire bits:            193
   Number of public wires:          38
   Number of public wire bits:      45
   Number of memories:               0
   Number of memory bits:            0
   Number of processes:              0
   Number of cells:                182
     sky130_fd_sc_hd__a21bo_2        3
     sky130_fd_sc_hd__a21boi_2       5
     sky130_fd_sc_hd__a21o_2         4
     sky130_fd_sc_hd__a21oi_2        5
     sky130_fd_sc_hd__a22o_2         2
     sky130_fd_sc_hd__a311o_2        1
     sky130_fd_sc_hd__a31o_2         3
     sky130_fd_sc_hd__and2_2         6
     sky130_fd_sc_hd__and2b_2        1
     sky130_fd_sc_hd__and3_2         9
     sky130_fd_sc_hd__and4_2         4
     sky130_fd_sc_hd__buf_1         23
     sky130_fd_sc_hd__dfrtp_2       32
     sky130_fd_sc_hd__dfstp_2        2
     sky130_fd_sc_hd__inv_2         41
     sky130_fd_sc_hd__mux2_2        10
     sky130_fd_sc_hd__mux4_2         2
     sky130_fd_sc_hd__nand2_2        3
     sky130_fd_sc_hd__nand3_2        3
     sky130_fd_sc_hd__nand4_2        1
     sky130_fd_sc_hd__nor2_2         1
     sky130_fd_sc_hd__nor4_2         1
     sky130_fd_sc_hd__o211a_2        3
     sky130_fd_sc_hd__o21a_2         4
     sky130_fd_sc_hd__o21ai_2        1
     sky130_fd_sc_hd__or2_2          3
     sky130_fd_sc_hd__or2b_2         1
     sky130_fd_sc_hd__or3_2          3
     sky130_fd_sc_hd__or4_2          5

   Chip area for module '\uart_tx': 1923.094400

